\BOOKMARK [1][-]{section.1}{\376\377\000I\000n\000t\000r\000o\000d\000u\000c\000c\000i\000\363\000n}{}% 1
\BOOKMARK [1][-]{section.2}{\376\377\000M\000e\000t\000o\000d\000o\000l\000o\000g\000\355\000a}{}% 2
\BOOKMARK [2][-]{subsection.2.1}{\376\377\000M\000a\000r\000c\000o\000\040\000T\000e\000\363\000r\000i\000c\000o\000:\000\040\000E\000l\000\040\000M\000o\000d\000e\000l\000o\000\040\000d\000e\000\040\000A\000n\000i\000s\000i}{section.2}% 3
\BOOKMARK [2][-]{subsection.2.2}{\376\377\000A\000r\000q\000u\000i\000t\000e\000c\000t\000u\000r\000a\000\040\000d\000e\000l\000\040\000M\000o\000d\000e\000l\000o\000\040\000A\000B\000M}{section.2}% 4
\BOOKMARK [3][-]{subsubsection.2.2.1}{\376\377\000A\000g\000e\000n\000t\000e\000\040\0001\000:\000\040\000A\000d\000m\000i\000n\000i\000s\000t\000r\000a\000c\000i\000\363\000n\000\040\000P\000\372\000b\000l\000i\000c\000a}{subsection.2.2}% 5
\BOOKMARK [3][-]{subsubsection.2.2.2}{\376\377\000A\000g\000e\000n\000t\000e\000\040\0002\000:\000\040\000E\000m\000p\000r\000e\000s\000a}{subsection.2.2}% 6
\BOOKMARK [3][-]{subsubsection.2.2.3}{\376\377\000A\000g\000e\000n\000t\000e\000\040\0003\000:\000\040\000T\000r\000a\000b\000a\000j\000a\000d\000o\000r\000/\000H\000o\000g\000a\000r}{subsection.2.2}% 7
\BOOKMARK [2][-]{subsection.2.3}{\376\377\000D\000i\000n\000\341\000m\000i\000c\000a\000\040\000d\000e\000l\000\040\000M\000e\000r\000c\000a\000d\000o\000\040\000L\000a\000b\000o\000r\000a\000l\000\040\000c\000o\000n\000\040\000C\000i\000c\000l\000o\000s\000\040\000E\000c\000o\000n\000\363\000m\000i\000c\000o\000s}{section.2}% 8
\BOOKMARK [2][-]{subsection.2.4}{\376\377\000C\000a\000l\000i\000b\000r\000a\000c\000i\000\363\000n\000\040\000p\000a\000r\000a\000\040\000E\000s\000p\000a\000\361\000a\000\040\0002\0000\0002\0004}{section.2}% 9
\BOOKMARK [2][-]{subsection.2.5}{\376\377\000V\000i\000s\000u\000a\000l\000i\000z\000a\000c\000i\000\363\000n\000\040\000W\000e\000b\000\040\000I\000n\000t\000e\000r\000a\000c\000t\000i\000v\000a}{section.2}% 10
\BOOKMARK [1][-]{section.3}{\376\377\000R\000e\000s\000u\000l\000t\000a\000d\000o\000s}{}% 11
\BOOKMARK [2][-]{subsection.3.1}{\376\377\000R\000e\000s\000u\000l\000t\000a\000d\000o\000s\000\040\000d\000e\000\040\000l\000a\000\040\000C\000a\000l\000i\000b\000r\000a\000c\000i\000\363\000n\000\040\000M\000o\000n\000t\000e\000\040\000C\000a\000r\000l\000o}{section.3}% 12
\BOOKMARK [2][-]{subsection.3.2}{\376\377\000V\000a\000l\000i\000d\000a\000c\000i\000\363\000n\000\040\000d\000e\000\040\000R\000o\000b\000u\000s\000t\000e\000z}{section.3}% 13
\BOOKMARK [2][-]{subsection.3.3}{\376\377\000A\000n\000\341\000l\000i\000s\000i\000s\000\040\000E\000s\000t\000r\000u\000c\000t\000u\000r\000a\000l}{section.3}% 14
\BOOKMARK [2][-]{subsection.3.4}{\376\377\000C\000o\000m\000p\000o\000r\000t\000a\000m\000i\000e\000n\000t\000o\000\040\000K\000e\000y\000n\000e\000s\000i\000a\000n\000o\000\040\000d\000e\000l\000\040\000M\000o\000d\000e\000l\000o}{section.3}% 15
\BOOKMARK [2][-]{subsection.3.5}{\376\377\000A\000n\000\341\000l\000i\000s\000i\000s\000\040\000d\000e\000\040\000S\000e\000n\000s\000i\000b\000i\000l\000i\000d\000a\000d}{section.3}% 16
\BOOKMARK [3][-]{subsubsection.3.5.1}{\376\377\000I\000m\000p\000a\000c\000t\000o\000\040\000d\000e\000l\000\040\000G\000a\000s\000t\000o\000\040\000P\000\372\000b\000l\000i\000c\000o}{subsection.3.5}% 17
\BOOKMARK [3][-]{subsubsection.3.5.2}{\376\377\000I\000m\000p\000a\000c\000t\000o\000\040\000d\000e\000\040\000l\000a\000\040\000P\000r\000e\000s\000i\000\363\000n\000\040\000F\000i\000s\000c\000a\000l}{subsection.3.5}% 18
\BOOKMARK [3][-]{subsubsection.3.5.3}{\376\377\000S\000h\000o\000c\000k\000s\000\040\000E\000c\000o\000n\000\363\000m\000i\000c\000o\000s}{subsection.3.5}% 19
\BOOKMARK [2][-]{subsection.3.6}{\376\377\000V\000i\000s\000u\000a\000l\000i\000z\000a\000c\000i\000\363\000n\000\040\000I\000n\000t\000e\000r\000a\000c\000t\000i\000v\000a}{section.3}% 20
\BOOKMARK [1][-]{section.4}{\376\377\000D\000i\000s\000c\000u\000s\000i\000\363\000n}{}% 21
\BOOKMARK [2][-]{subsection.4.1}{\376\377\000C\000o\000n\000t\000r\000i\000b\000u\000c\000i\000o\000n\000e\000s\000\040\000d\000e\000l\000\040\000T\000r\000a\000b\000a\000j\000o}{section.4}% 22
\BOOKMARK [2][-]{subsection.4.2}{\376\377\000L\000i\000m\000i\000t\000a\000c\000i\000o\000n\000e\000s}{section.4}% 23
\BOOKMARK [1][-]{section.5}{\376\377\000C\000o\000n\000c\000l\000u\000s\000i\000o\000n\000e\000s}{}% 24
\BOOKMARK [2][-]{subsection.5.1}{\376\377\000L\000\355\000n\000e\000a\000s\000\040\000F\000u\000t\000u\000r\000a\000s\000\040\000d\000e\000\040\000I\000n\000v\000e\000s\000t\000i\000g\000a\000c\000i\000\363\000n}{section.5}% 25
\BOOKMARK [1][-]{appendix.A}{\376\377\000A\000p\000\351\000n\000d\000i\000c\000e\000\040\000A\000:\000\040\000C\000\363\000d\000i\000g\000o\000\040\000F\000u\000e\000n\000t\000e}{}% 26
\BOOKMARK [2][-]{subsection.A.1}{\376\377\000C\000l\000a\000s\000e\000\040\000A\000d\000m\000i\000n\000P\000u\000b\000l\000i\000c\000a}{appendix.A}% 27
\BOOKMARK [2][-]{subsection.A.2}{\376\377\000C\000l\000a\000s\000e\000\040\000E\000m\000p\000r\000e\000s\000a}{appendix.A}% 28
\BOOKMARK [2][-]{subsection.A.3}{\376\377\000C\000l\000a\000s\000e\000\040\000T\000r\000a\000b\000a\000j\000a\000d\000o\000r}{appendix.A}% 29
\BOOKMARK [2][-]{subsection.A.4}{\376\377\000M\000o\000d\000e\000l\000o\000\040\000P\000r\000i\000n\000c\000i\000p\000a\000l\000\040\000c\000o\000n\000\040\000C\000i\000c\000l\000o\000s\000\040\000E\000c\000o\000n\000\363\000m\000i\000c\000o\000s}{appendix.A}% 30
\BOOKMARK [1][-]{appendix.B}{\376\377\000A\000p\000\351\000n\000d\000i\000c\000e\000\040\000B\000:\000\040\000I\000n\000s\000t\000r\000u\000c\000c\000i\000o\000n\000e\000s\000\040\000d\000e\000\040\000U\000s\000o}{}% 31
\BOOKMARK [2][-]{subsection.B.1}{\376\377\000R\000e\000q\000u\000i\000s\000i\000t\000o\000s}{appendix.B}% 32
\BOOKMARK [2][-]{subsection.B.2}{\376\377\000I\000n\000s\000t\000a\000l\000a\000c\000i\000\363\000n}{appendix.B}% 33
\BOOKMARK [2][-]{subsection.B.3}{\376\377\000E\000j\000e\000c\000u\000c\000i\000\363\000n\000\040\000d\000e\000\040\000l\000a\000\040\000C\000a\000l\000i\000b\000r\000a\000c\000i\000\363\000n}{appendix.B}% 34
\BOOKMARK [2][-]{subsection.B.4}{\376\377\000E\000j\000e\000c\000u\000c\000i\000\363\000n\000\040\000d\000e\000\040\000l\000a\000\040\000V\000i\000s\000u\000a\000l\000i\000z\000a\000c\000i\000\363\000n\000\040\000W\000e\000b}{appendix.B}% 35
\BOOKMARK [2][-]{subsection.B.5}{\376\377\000C\000o\000n\000t\000r\000o\000l\000e\000s\000\040\000d\000e\000\040\000l\000a\000\040\000I\000n\000t\000e\000r\000f\000a\000z}{appendix.B}% 36
\BOOKMARK [1][-]{appendix.C}{\376\377\000A\000p\000\351\000n\000d\000i\000c\000e\000\040\000C\000:\000\040\000P\000a\000r\000\341\000m\000e\000t\000r\000o\000s\000\040\000d\000e\000l\000\040\000M\000o\000d\000e\000l\000o}{}% 37
\BOOKMARK [1][-]{appendix.D}{\376\377\000A\000p\000\351\000n\000d\000i\000c\000e\000\040\000D\000:\000\040\000R\000e\000s\000u\000l\000t\000a\000d\000o\000s\000\040\000d\000e\000\040\000C\000a\000l\000i\000b\000r\000a\000c\000i\000\363\000n}{}% 38
